
> acca-app@0.1.0 build
> next build

Γû▓ Next.js 16.1.4 (Turbopack)
- Environments: .env.local

node.exe : ΓÜá The "middleware" file convention is deprecated. Please use "proxy" instead. 
Learn more: https://nextjs.org/docs/messages/middleware-to-proxy
At line:1 char:1
+ & "C:\Program Files\nodejs/node.exe" "C:\Program Files\nodejs/node_mo ...
+ ~~~~~~~~~~~~~~~~~~~~~~~~~~~~~~~~~~~~~~~~~~~~~~~~~~~~~~~~~~~~~~~~~~~~~
    + CategoryInfo          : NotSpecified: (ΓÜá The "middle...leware-to-proxy:String) [], Remo 
   teException
    + FullyQualifiedErrorId : NativeCommandError
 
  Creating an optimized production build ...
Γ£ô Compiled successfully in 39.9s
  Skipping validation of types
  Collecting page data using 7 workers ...
  Generating static pages using 7 workers (0/48) ...
  Generating static pages using 7 workers (12/48) 
  Generating static pages using 7 workers (24/48) 
  Generating static pages using 7 workers (36/48) 
Γ¿» useSearchParams() should be wrapped in a suspense boundary at page "/jurnal". Read more: 
https://nextjs.org/docs/messages/missing-suspense-with-csr-bailout
    at Q (C:\Users\imran\.gemini\antigravity\scratch\acca-app\.next\server\chunks\ssr\node_modul
es_next_920e7746._.js:2:2111)
    at o (C:\Users\imran\.gemini\antigravity\scratch\acca-app\.next\server\chunks\ssr\node_modul
es_next_920e7746._.js:4:5284)
    at g (C:\Users\imran\.gemini\antigravity\scratch\acca-app\.next\server\chunks\ssr\app_jurnal
_page_tsx_5a5645e4._.js:1:25918)
    at an (C:\Users\imran\.gemini\antigravity\scratch\acca-app\node_modules\next\dist\compiled\n
ext-server\app-page-turbo.runtime.prod.js:2:84360)
    at ai (C:\Users\imran\.gemini\antigravity\scratch\acca-app\node_modules\next\dist\compiled\n
ext-server\app-page-turbo.runtime.prod.js:2:86179)
    at al (C:\Users\imran\.gemini\antigravity\scratch\acca-app\node_modules\next\dist\compiled\n
ext-server\app-page-turbo.runtime.prod.js:2:107953)
    at as (C:\Users\imran\.gemini\antigravity\scratch\acca-app\node_modules\next\dist\compiled\n
ext-server\app-page-turbo.runtime.prod.js:2:105368)
    at aa (C:\Users\imran\.gemini\antigravity\scratch\acca-app\node_modules\next\dist\compiled\n
ext-server\app-page-turbo.runtime.prod.js:2:84712)
    at ai (C:\Users\imran\.gemini\antigravity\scratch\acca-app\node_modules\next\dist\compiled\n
ext-server\app-page-turbo.runtime.prod.js:2:86228)
    at ai (C:\Users\imran\.gemini\antigravity\scratch\acca-app\node_modules\next\dist\compiled\n
ext-server\app-page-turbo.runtime.prod.js:2:104708)
Error occurred prerendering page "/jurnal". Read more: 
https://nextjs.org/docs/messages/prerender-error
Export encountered an error on /jurnal/page: /jurnal, exiting the build.
Γ¿» Next.js build worker exited with code: 1 and signal: null
